[18:40:58 WRN] Failed to determine the https port for redirect.
[18:40:58 INF] HTTP GET /health responded 200 in 67.4515 ms
[18:41:02 INF] HTTP GET /api/v1/notifications/my responded 200 in 270.2114 ms
[18:41:42 INF] HTTP POST /api/v1/auth/login responded 200 in 312.1340 ms
[18:41:42 INF] HTTP GET /api/v1/notifications/my responded 200 in 7.4780 ms
[18:41:43 INF] HTTP GET /api/v1/notifications/my responded 200 in 4.3765 ms
[18:41:43 INF] HTTP GET /api/v1/dashboard/summary responded 200 in 44.3131 ms
[18:41:43 INF] HTTP GET /api/v1/dashboard/summary responded 200 in 6.0118 ms
[18:41:44 INF] HTTP POST /api/v1/auth/login responded 200 in 224.0508 ms
[18:41:44 INF] HTTP GET /api/v1/notifications/my responded 200 in 2.9727 ms
[18:41:44 INF] HTTP GET /api/v1/dashboard/summary responded 200 in 7.4571 ms
[18:41:44 INF] HTTP GET /api/v1/notifications/my responded 200 in 2.4240 ms
[18:41:44 INF] HTTP GET /api/v1/dashboard/summary responded 200 in 2.0644 ms
[18:41:44 INF] HTTP POST /api/v1/appointments responded 201 in 107.3317 ms
[18:41:45 INF] HTTP POST /api/v1/auth/login responded 200 in 131.9421 ms
[18:41:45 INF] HTTP GET /api/v1/notifications/my responded 200 in 1.1755 ms
[18:41:45 INF] HTTP GET /api/v1/dashboard/summary responded 200 in 2.4372 ms
[18:41:45 INF] HTTP GET /api/v1/notifications/my responded 200 in 1.9680 ms
[18:41:45 INF] HTTP GET /api/v1/dashboard/summary responded 200 in 1.9492 ms
[18:41:45 INF] HTTP POST /api/v1/pharmacy/medicines/adjust-stock responded 204 in 33.8187 ms
[18:42:02 INF] HTTP GET /api/v1/notifications/my responded 200 in 3.2345 ms
[18:42:02 INF] HTTP GET /api/v1/notifications/my responded 200 in 1.9788 ms
[18:42:48 INF] HTTP GET /health responded 200 in 0.4913 ms
[18:43:02 INF] HTTP GET /api/v1/notifications/my responded 200 in 11.7648 ms
[18:43:09 INF] HTTP GET /api/v1/notifications/my responded 200 in 2.5625 ms
[18:43:09 INF] HTTP GET /api/v1/notifications/my responded 200 in 3.1561 ms
[18:43:09 INF] HTTP GET /api/v1/dashboard/summary responded 200 in 24.0577 ms
[18:43:09 INF] HTTP GET /api/v1/dashboard/summary responded 200 in 2.7883 ms
[18:43:11 INF] HTTP GET /api/v1/notifications/my responded 200 in 2.4241 ms
[18:43:11 INF] HTTP GET /api/v1/dashboard/summary responded 200 in 3.6742 ms
[18:43:11 INF] HTTP GET /api/v1/notifications/my responded 200 in 1.5257 ms
[18:43:11 INF] HTTP GET /api/v1/dashboard/summary responded 200 in 1.5956 ms
[18:43:13 INF] HTTP POST /api/v1/auth/logout responded 401 in 3.6086 ms
[18:43:13 INF] HTTP GET /api/v1/dashboard/summary responded 401 in 0.4643 ms
[18:43:13 INF] HTTP GET /api/v1/notifications/my responded 401 in 0.4633 ms
[18:43:13 INF] HTTP GET /api/v1/notifications/my responded 401 in 0.3246 ms
[18:43:13 INF] HTTP GET /api/v1/dashboard/summary responded 401 in 0.3246 ms
[18:43:17 INF] HTTP POST /api/v1/auth/login responded 200 in 252.7418 ms
[18:43:17 INF] HTTP GET /api/v1/notifications/my responded 200 in 1.8203 ms
[18:43:17 INF] HTTP GET /api/v1/dashboard/summary responded 200 in 1.8255 ms
[18:43:17 INF] HTTP GET /api/v1/dashboard/summary responded 200 in 1.9352 ms
[18:43:17 INF] HTTP GET /api/v1/notifications/my responded 200 in 1.9542 ms
[18:43:20 INF] HTTP GET /api/v1/patients responded 200 in 59.6310 ms
[18:43:20 INF] HTTP GET /api/v1/patients responded 200 in 3.5306 ms
[18:43:20 INF] HTTP GET /api/v1/patients responded 200 in 4.4658 ms
[18:43:20 INF] HTTP GET /api/v1/patients responded 200 in 2.5713 ms
[18:43:31 INF] HTTP GET /api/v1/patients responded 200 in 9.6971 ms
[18:43:31 INF] HTTP GET /api/v1/patients responded 200 in 3.3939 ms
[18:43:31 INF] HTTP GET /api/v1/pharmacy/medicines responded 200 in 33.3428 ms
[18:43:31 INF] HTTP GET /api/v1/pharmacy/medicines responded 200 in 3.7269 ms
[18:43:31 INF] HTTP GET /api/v1/pharmacy/medicines responded 200 in 1.7534 ms
[18:43:31 INF] HTTP GET /api/v1/patients responded 200 in 1.7527 ms
[18:43:31 INF] HTTP GET /api/v1/patients responded 200 in 2.6501 ms
[18:43:31 INF] HTTP GET /api/v1/pharmacy/medicines responded 200 in 2.6478 ms
[18:43:37 INF] HTTP GET /api/v1/notifications/my responded 200 in 2.6418 ms
[18:43:41 INF] HTTP POST /api/v1/auth/logout responded 401 in 0.6294 ms
[18:43:48 INF] HTTP POST /api/v1/auth/login responded 200 in 217.8652 ms
[18:43:48 INF] HTTP GET /api/v1/notifications/my responded 200 in 2.9678 ms
[18:43:48 INF] HTTP GET /api/v1/dashboard/summary responded 200 in 8.1188 ms
[18:43:48 INF] HTTP GET /api/v1/notifications/my responded 200 in 1.2530 ms
[18:43:48 INF] HTTP GET /api/v1/dashboard/summary responded 200 in 2.3320 ms
[18:43:52 INF] HTTP GET /api/v1/patients responded 403 in 1.6717 ms
[18:43:52 INF] HTTP GET /api/v1/patients responded 403 in 0.6204 ms
[18:43:52 INF] HTTP GET /api/v1/pharmacy/medicines responded 200 in 7.8352 ms
[18:43:52 INF] HTTP GET /api/v1/pharmacy/medicines responded 200 in 1.2204 ms
[18:43:52 INF] HTTP GET /api/v1/patients responded 403 in 0.3472 ms
[18:43:52 INF] HTTP GET /api/v1/pharmacy/medicines responded 200 in 2.3033 ms
[18:43:52 INF] HTTP GET /api/v1/patients responded 403 in 0.3109 ms
[18:43:52 INF] HTTP GET /api/v1/pharmacy/medicines responded 200 in 1.6765 ms
[18:44:08 INF] HTTP GET /api/v1/notifications/my responded 200 in 2.1392 ms
[18:44:13 INF] HTTP POST /api/v1/pharmacy/sales/dispense responded 200 in 111.7610 ms
[18:44:13 INF] HTTP GET /api/v1/pharmacy/medicines responded 200 in 1.6306 ms
[18:44:20 INF] HTTP GET /api/v1/patients responded 403 in 0.7191 ms
[18:44:20 INF] HTTP GET /api/v1/notifications/my responded 200 in 3.8224 ms
[18:44:20 INF] HTTP GET /api/v1/pharmacy/medicines responded 200 in 3.8405 ms
[18:44:20 INF] HTTP GET /api/v1/patients responded 403 in 0.3166 ms
[18:44:20 INF] HTTP GET /api/v1/pharmacy/medicines responded 200 in 2.0596 ms
[18:44:20 INF] HTTP GET /api/v1/notifications/my responded 200 in 3.8418 ms
[18:44:33 INF] HTTP POST /api/v1/auth/logout responded 401 in 0.4737 ms
[18:44:33 INF] HTTP GET /api/v1/dashboard/summary responded 401 in 0.2059 ms
[18:44:33 INF] HTTP GET /api/v1/notifications/my responded 401 in 0.2975 ms
[18:44:33 INF] HTTP GET /api/v1/dashboard/summary responded 401 in 0.3777 ms
[18:44:33 INF] HTTP GET /api/v1/notifications/my responded 401 in 0.1815 ms
[18:44:42 INF] HTTP POST /api/v1/auth/login responded 200 in 201.8670 ms
[18:44:42 INF] HTTP GET /api/v1/dashboard/summary responded 200 in 1.6624 ms
[18:44:42 INF] HTTP GET /api/v1/notifications/my responded 200 in 1.6840 ms
[18:44:42 INF] HTTP GET /api/v1/notifications/my responded 200 in 1.6239 ms
[18:44:42 INF] HTTP GET /api/v1/dashboard/summary responded 200 in 2.1798 ms
[18:44:56 INF] HTTP GET /api/v1/notifications/my responded 200 in 12.8646 ms
[18:44:56 INF] HTTP GET /api/v1/notifications/my responded 200 in 1.1973 ms
[18:44:56 INF] HTTP GET /api/v1/dashboard/summary responded 200 in 24.4820 ms
[18:44:56 INF] HTTP GET /api/v1/dashboard/summary responded 200 in 2.0715 ms
[18:44:58 INF] HTTP GET /api/v1/dashboard/summary responded 200 in 1.1468 ms
[18:44:58 INF] HTTP GET /api/v1/notifications/my responded 200 in 1.1918 ms
[18:44:58 INF] HTTP GET /api/v1/notifications/my responded 200 in 1.2840 ms
[18:44:58 INF] HTTP GET /api/v1/dashboard/summary responded 200 in 1.2846 ms
[18:45:07 INF] HTTP POST /api/v1/auth/logout responded 401 in 0.3666 ms
[18:45:07 INF] HTTP GET /api/v1/notifications/my responded 401 in 0.2878 ms
[18:45:07 INF] HTTP GET /api/v1/dashboard/summary responded 401 in 0.1708 ms
[18:45:07 INF] HTTP GET /api/v1/notifications/my responded 401 in 0.2735 ms
[18:45:07 INF] HTTP GET /api/v1/dashboard/summary responded 401 in 0.2028 ms
[18:48:04 INF] HTTP POST /api/v1/auth/login responded 200 in 167.2959 ms
[18:48:04 INF] HTTP GET /api/v1/notifications/my responded 200 in 4.2206 ms
[18:48:04 INF] HTTP GET /api/v1/notifications/my responded 200 in 1.4094 ms
[18:48:04 INF] HTTP GET /api/v1/dashboard/summary responded 200 in 9.5951 ms
[18:48:04 INF] HTTP GET /api/v1/dashboard/summary responded 200 in 3.6934 ms
[18:48:08 INF] HTTP POST /api/v1/auth/logout responded 401 in 0.4737 ms
[18:48:12 INF] HTTP POST /api/v1/auth/login responded 200 in 168.5591 ms
[18:48:12 INF] HTTP GET /api/v1/notifications/my responded 200 in 1.5159 ms
[18:48:12 INF] HTTP GET /api/v1/dashboard/summary responded 200 in 3.7714 ms
[18:48:12 INF] HTTP GET /api/v1/notifications/my responded 200 in 1.3850 ms
[18:48:12 INF] HTTP GET /api/v1/dashboard/summary responded 200 in 1.4467 ms
[18:48:12 INF] HTTP POST /api/v1/auth/logout responded 401 in 0.2080 ms
[18:48:15 INF] HTTP POST /api/v1/auth/login responded 200 in 137.8173 ms
[18:48:15 INF] HTTP GET /api/v1/notifications/my responded 200 in 0.9862 ms
[18:48:15 INF] HTTP GET /api/v1/dashboard/summary responded 200 in 1.1102 ms
[18:48:15 INF] HTTP GET /api/v1/notifications/my responded 200 in 1.2111 ms
[18:48:15 INF] HTTP GET /api/v1/dashboard/summary responded 200 in 1.1018 ms
[18:48:19 INF] HTTP POST /api/v1/auth/logout responded 401 in 0.5035 ms
[18:49:21 INF] HTTP POST /api/v1/auth/login responded 200 in 140.9530 ms
[18:49:21 INF] HTTP GET /api/v1/notifications/my responded 200 in 2.3670 ms
[18:49:21 INF] HTTP GET /api/v1/dashboard/summary responded 200 in 4.5385 ms
[18:49:21 INF] HTTP GET /api/v1/notifications/my responded 200 in 1.0060 ms
[18:49:21 INF] HTTP GET /api/v1/dashboard/summary responded 200 in 0.8247 ms
[18:49:25 INF] HTTP POST /api/v1/auth/logout responded 204 in 14.9691 ms
[18:49:28 INF] HTTP POST /api/v1/auth/login responded 200 in 136.2950 ms
[18:49:28 INF] HTTP GET /api/v1/notifications/my responded 200 in 1.4488 ms
[18:49:28 INF] HTTP GET /api/v1/dashboard/summary responded 200 in 1.8775 ms
[18:49:28 INF] HTTP GET /api/v1/notifications/my responded 200 in 1.1712 ms
[18:49:28 INF] HTTP GET /api/v1/dashboard/summary responded 200 in 1.4579 ms
[18:49:32 INF] HTTP POST /api/v1/auth/logout responded 204 in 2.0535 ms
[18:49:36 INF] HTTP POST /api/v1/auth/login responded 200 in 133.3146 ms
[18:49:36 INF] HTTP GET /api/v1/notifications/my responded 200 in 1.2449 ms
[18:49:36 INF] HTTP GET /api/v1/dashboard/summary responded 200 in 1.5156 ms
[18:49:36 INF] HTTP GET /api/v1/notifications/my responded 200 in 1.0941 ms
[18:49:36 INF] HTTP GET /api/v1/dashboard/summary responded 200 in 1.0304 ms
[18:49:40 INF] HTTP POST /api/v1/auth/logout responded 204 in 4.6355 ms
[18:50:32 INF] HTTP GET /health responded 200 in 0.2808 ms
[18:50:55 INF] HTTP POST /api/v1/auth/login responded 200 in 251.0547 ms
[18:50:56 INF] HTTP GET /api/v1/notifications/my responded 200 in 2.6008 ms
[18:50:56 INF] HTTP GET /api/v1/notifications/my responded 200 in 1.9508 ms
[18:50:56 INF] HTTP GET /api/v1/dashboard/summary responded 200 in 9.8312 ms
[18:50:56 INF] HTTP GET /api/v1/dashboard/summary responded 200 in 1.7083 ms
[18:51:04 INF] HTTP POST /api/v1/auth/logout responded 204 in 15.0082 ms
[18:51:15 INF] HTTP POST /api/v1/auth/login responded 200 in 183.8151 ms
[18:51:15 INF] HTTP GET /api/v1/dashboard/summary responded 200 in 1.1522 ms
[18:51:15 INF] HTTP GET /api/v1/notifications/my responded 200 in 1.1784 ms
[18:51:15 INF] HTTP GET /api/v1/dashboard/summary responded 200 in 1.4574 ms
[18:51:15 INF] HTTP GET /api/v1/notifications/my responded 200 in 0.9457 ms
[18:51:31 INF] HTTP POST /api/v1/auth/logout responded 204 in 22.2473 ms
[18:51:35 INF] HTTP POST /api/v1/auth/login responded 200 in 212.7243 ms
[18:51:35 INF] HTTP GET /api/v1/notifications/my responded 200 in 2.7051 ms
[18:51:35 INF] HTTP GET /api/v1/dashboard/summary responded 200 in 7.6964 ms
[18:51:35 INF] HTTP GET /api/v1/notifications/my responded 200 in 1.0845 ms
[18:51:35 INF] HTTP GET /api/v1/dashboard/summary responded 200 in 1.2373 ms
[18:51:50 INF] HTTP GET /api/v1/patients responded 200 in 13.2044 ms
[18:51:50 INF] HTTP GET /api/v1/patients responded 200 in 1.8588 ms
[18:51:51 INF] HTTP GET /api/v1/patients responded 200 in 2.9023 ms
[18:51:51 INF] HTTP GET /api/v1/patients responded 200 in 1.4143 ms
[18:51:55 INF] HTTP GET /api/v1/notifications/my responded 200 in 1.7960 ms
[18:51:56 INF] HTTP GET /api/v1/dashboard/summary responded 200 in 1.1124 ms
[18:51:56 INF] HTTP GET /api/v1/dashboard/summary responded 200 in 1.5003 ms
[18:51:57 INF] HTTP GET /api/v1/dashboard/summary responded 200 in 1.0162 ms
[18:51:57 INF] HTTP GET /api/v1/dashboard/summary responded 200 in 1.0938 ms
[18:51:58 INF] HTTP GET /api/v1/patients responded 200 in 1.7198 ms
[18:51:58 INF] HTTP GET /api/v1/patients responded 200 in 4.0283 ms
[18:51:58 INF] HTTP GET /api/v1/patients responded 200 in 3.0917 ms
[18:51:58 INF] HTTP GET /api/v1/patients responded 200 in 1.7241 ms
[18:52:01 INF] HTTP GET /api/v1/patients responded 200 in 1.0603 ms
[18:52:01 INF] HTTP GET /api/v1/departments responded 200 in 12.3896 ms
[18:52:01 INF] HTTP GET /api/v1/doctors responded 200 in 15.6810 ms
[18:52:01 INF] HTTP GET /api/v1/patients responded 200 in 10.1727 ms
[18:52:01 INF] HTTP GET /api/v1/departments responded 200 in 1.5138 ms
[18:52:01 INF] HTTP GET /api/v1/appointments responded 200 in 20.1419 ms
[18:52:01 INF] HTTP GET /api/v1/doctors responded 200 in 1.8059 ms
[18:52:01 INF] HTTP GET /api/v1/appointments responded 200 in 2.9786 ms
[18:52:01 INF] HTTP GET /api/v1/appointments responded 200 in 2.6222 ms
[18:52:01 INF] HTTP GET /api/v1/patients responded 200 in 2.3969 ms
[18:52:01 INF] HTTP GET /api/v1/doctors responded 200 in 3.2322 ms
[18:52:01 INF] HTTP GET /api/v1/departments responded 200 in 4.0050 ms
[18:52:01 INF] HTTP GET /api/v1/patients responded 200 in 1.3336 ms
[18:52:01 INF] HTTP GET /api/v1/appointments responded 200 in 1.7821 ms
[18:52:01 INF] HTTP GET /api/v1/departments responded 200 in 2.0886 ms
[18:52:01 INF] HTTP GET /api/v1/doctors responded 200 in 2.5391 ms
[18:52:07 INF] HTTP GET /api/v1/doctors responded 200 in 1.7362 ms
[18:52:07 INF] HTTP GET /api/v1/patients responded 200 in 2.0169 ms
[18:52:07 INF] HTTP GET /api/v1/doctors responded 200 in 2.1527 ms
[18:52:07 INF] HTTP GET /api/v1/patients responded 200 in 1.8214 ms
[18:52:07 INF] HTTP GET /api/v1/ipdadmissions/active responded 200 in 32.7527 ms
[18:52:07 INF] HTTP GET /api/v1/beds responded 200 in 36.8644 ms
[18:52:07 INF] HTTP GET /api/v1/ipdadmissions/active responded 200 in 1.5263 ms
[18:52:07 INF] HTTP GET /api/v1/beds responded 200 in 1.2814 ms
[18:52:07 INF] HTTP GET /api/v1/doctors responded 200 in 3.1615 ms
[18:52:07 INF] HTTP GET /api/v1/patients responded 200 in 3.2798 ms
[18:52:07 INF] HTTP GET /api/v1/ipdadmissions/active responded 200 in 3.9428 ms
[18:52:07 INF] HTTP GET /api/v1/beds responded 200 in 5.0189 ms
[18:52:07 INF] HTTP GET /api/v1/patients responded 200 in 1.8681 ms
[18:52:07 INF] HTTP GET /api/v1/beds responded 200 in 1.2603 ms
[18:52:07 INF] HTTP GET /api/v1/ipdadmissions/active responded 200 in 1.2766 ms
[18:52:07 INF] HTTP GET /api/v1/doctors responded 200 in 1.3063 ms
[18:52:10 INF] HTTP GET /api/v1/ipdadmissions/active responded 200 in 1.3303 ms
[18:52:10 INF] HTTP GET /api/v1/ipdadmissions/active responded 200 in 1.1158 ms
[18:52:10 INF] HTTP GET /api/v1/ipdadmissions/active responded 200 in 1.0355 ms
[18:52:10 INF] HTTP GET /api/v1/ipdadmissions/active responded 200 in 1.5440 ms
[18:52:11 INF] HTTP GET /api/v1/ipdadmissions/active responded 200 in 1.2293 ms
[18:52:11 INF] HTTP GET /api/v1/patients responded 200 in 1.1775 ms
[18:52:11 INF] HTTP GET /api/v1/beds responded 200 in 1.2160 ms
[18:52:11 INF] HTTP GET /api/v1/doctors responded 200 in 1.1117 ms
[18:52:11 INF] HTTP GET /api/v1/ipdadmissions/active responded 200 in 1.8497 ms
[18:52:11 INF] HTTP GET /api/v1/beds responded 200 in 1.2639 ms
[18:52:11 INF] HTTP GET /api/v1/patients responded 200 in 1.2803 ms
[18:52:11 INF] HTTP GET /api/v1/doctors responded 200 in 1.2386 ms
[18:52:11 INF] HTTP GET /api/v1/ipdadmissions/active responded 200 in 3.1174 ms
[18:52:11 INF] HTTP GET /api/v1/beds responded 200 in 2.8438 ms
[18:52:11 INF] HTTP GET /api/v1/patients responded 200 in 3.3687 ms
[18:52:11 INF] HTTP GET /api/v1/doctors responded 200 in 11.6395 ms
[18:52:11 INF] HTTP GET /api/v1/ipdadmissions/active responded 200 in 1.9152 ms
[18:52:11 INF] HTTP GET /api/v1/beds responded 200 in 2.6191 ms
[18:52:11 INF] HTTP GET /api/v1/patients responded 200 in 2.0844 ms
[18:52:11 INF] HTTP GET /api/v1/doctors responded 200 in 1.3905 ms
[18:52:15 INF] HTTP GET /api/v1/notifications/my responded 200 in 4.5696 ms
[18:52:24 INF] HTTP GET /api/v1/ipdadmissions/active responded 200 in 15.2504 ms
[18:52:24 INF] HTTP GET /api/v1/ipdadmissions/active responded 200 in 0.8982 ms
[18:52:25 INF] HTTP GET /api/v1/ipdadmissions/active responded 200 in 1.2865 ms
[18:52:25 INF] HTTP GET /api/v1/ipdadmissions/active responded 200 in 2.2679 ms
[18:52:34 INF] HTTP POST /api/v1/auth/logout responded 204 in 23.3547 ms
[18:52:37 INF] HTTP POST /api/v1/auth/login responded 200 in 198.8696 ms
[18:52:37 INF] HTTP GET /api/v1/notifications/my responded 200 in 2.7637 ms
[18:52:37 INF] HTTP GET /api/v1/dashboard/summary responded 200 in 7.6443 ms
[18:52:37 INF] HTTP GET /api/v1/notifications/my responded 200 in 1.4526 ms
[18:52:37 INF] HTTP GET /api/v1/dashboard/summary responded 200 in 1.4642 ms
[18:52:40 INF] HTTP GET /api/v1/patients responded 200 in 8.0314 ms
[18:52:40 INF] HTTP GET /api/v1/patients responded 200 in 1.1734 ms
[18:52:40 INF] HTTP GET /api/v1/patients responded 200 in 1.5331 ms
[18:52:40 INF] HTTP GET /api/v1/patients responded 200 in 1.2022 ms
[18:52:41 INF] HTTP GET /api/v1/patients responded 200 in 1.0410 ms
[18:52:41 INF] HTTP GET /api/v1/doctors responded 200 in 2.1635 ms
[18:52:41 INF] HTTP GET /api/v1/appointments responded 200 in 2.3141 ms
[18:52:41 INF] HTTP GET /api/v1/departments responded 200 in 5.7480 ms
[18:52:41 INF] HTTP GET /api/v1/patients responded 200 in 1.8142 ms
[18:52:41 INF] HTTP GET /api/v1/departments responded 200 in 1.9395 ms
[18:52:41 INF] HTTP GET /api/v1/doctors responded 200 in 2.8940 ms
[18:52:41 INF] HTTP GET /api/v1/appointments responded 200 in 3.8096 ms
[18:52:41 INF] HTTP GET /api/v1/departments responded 200 in 1.2702 ms
[18:52:41 INF] HTTP GET /api/v1/patients responded 200 in 1.0572 ms
[18:52:41 INF] HTTP GET /api/v1/appointments responded 200 in 1.2454 ms
[18:52:41 INF] HTTP GET /api/v1/doctors responded 200 in 1.3080 ms
[18:52:41 INF] HTTP GET /api/v1/departments responded 200 in 1.2354 ms
[18:52:41 INF] HTTP GET /api/v1/patients responded 200 in 1.2747 ms
[18:52:41 INF] HTTP GET /api/v1/appointments responded 200 in 1.3252 ms
[18:52:41 INF] HTTP GET /api/v1/doctors responded 200 in 1.2994 ms
[18:52:47 INF] HTTP GET /api/v1/departments responded 200 in 0.9820 ms
[18:52:47 INF] HTTP GET /api/v1/appointments responded 200 in 1.5066 ms
[18:52:47 INF] HTTP GET /api/v1/pharmacy/medicines responded 200 in 8.0690 ms
[18:52:47 INF] HTTP GET /api/v1/appointments responded 200 in 1.2201 ms
[18:52:47 INF] HTTP GET /api/v1/departments responded 200 in 1.2661 ms
[18:52:47 INF] HTTP GET /api/v1/laboratory/catalog responded 200 in 14.7027 ms
[18:52:47 INF] HTTP GET /api/v1/pharmacy/medicines responded 200 in 1.5780 ms
[18:52:47 INF] HTTP GET /api/v1/laboratory/catalog responded 200 in 1.7158 ms
[18:52:47 INF] HTTP GET /api/v1/pharmacy/medicines responded 200 in 1.4335 ms
[18:52:47 INF] HTTP GET /api/v1/appointments responded 200 in 1.8343 ms
[18:52:47 INF] HTTP GET /api/v1/departments responded 200 in 1.8929 ms
[18:52:47 INF] HTTP GET /api/v1/laboratory/catalog responded 200 in 2.7126 ms
[18:52:47 INF] HTTP GET /api/v1/pharmacy/medicines responded 200 in 1.8184 ms
[18:52:47 INF] HTTP GET /api/v1/departments responded 200 in 1.2493 ms
[18:52:47 INF] HTTP GET /api/v1/laboratory/catalog responded 200 in 1.2495 ms
[18:52:47 INF] HTTP GET /api/v1/appointments responded 200 in 1.2762 ms
[18:52:50 INF] HTTP GET /api/v1/appointments responded 200 in 1.3580 ms
[18:52:50 INF] HTTP GET /api/v1/patients responded 200 in 1.1353 ms
[18:52:50 INF] HTTP GET /api/v1/doctors responded 200 in 1.2960 ms
[18:52:50 INF] HTTP GET /api/v1/departments responded 200 in 1.2431 ms
[18:52:50 INF] HTTP GET /api/v1/doctors responded 200 in 2.0831 ms
[18:52:50 INF] HTTP GET /api/v1/departments responded 200 in 2.2497 ms
[18:52:50 INF] HTTP GET /api/v1/appointments responded 200 in 1.8446 ms
[18:52:50 INF] HTTP GET /api/v1/patients responded 200 in 1.4795 ms
[18:52:51 INF] HTTP GET /api/v1/appointments responded 200 in 2.5174 ms
[18:52:51 INF] HTTP GET /api/v1/departments responded 200 in 0.7058 ms
[18:52:51 INF] HTTP GET /api/v1/doctors responded 200 in 1.5553 ms
[18:52:51 INF] HTTP GET /api/v1/patients responded 200 in 0.9016 ms
[18:52:51 INF] HTTP GET /api/v1/appointments responded 200 in 1.6122 ms
[18:52:51 INF] HTTP GET /api/v1/patients responded 200 in 1.1176 ms
[18:52:51 INF] HTTP GET /api/v1/departments responded 200 in 1.3391 ms
[18:52:51 INF] HTTP GET /api/v1/doctors responded 200 in 1.3552 ms
[18:52:54 INF] HTTP GET /api/v1/patients responded 200 in 1.4067 ms
[18:52:54 INF] HTTP GET /api/v1/patients responded 200 in 3.1969 ms
[18:52:54 INF] HTTP GET /api/v1/patients responded 200 in 1.8437 ms
[18:52:54 INF] HTTP GET /api/v1/patients responded 200 in 1.2360 ms
[18:52:56 INF] HTTP GET /api/v1/dashboard/summary responded 200 in 1.2638 ms
[18:52:56 INF] HTTP GET /api/v1/dashboard/summary responded 200 in 1.4527 ms
[18:52:57 INF] HTTP GET /api/v1/dashboard/summary responded 200 in 0.8804 ms
[18:52:57 INF] HTTP GET /api/v1/dashboard/summary responded 200 in 1.3409 ms
[18:52:57 INF] HTTP GET /api/v1/notifications/my responded 200 in 0.7724 ms
[18:53:00 INF] HTTP POST /api/v1/auth/logout responded 204 in 8.3658 ms
[18:53:04 INF] HTTP POST /api/v1/auth/login responded 200 in 189.0000 ms
[18:53:04 INF] HTTP GET /api/v1/notifications/my responded 200 in 1.6459 ms
[18:53:04 INF] HTTP GET /api/v1/dashboard/summary responded 200 in 1.5207 ms
[18:53:04 INF] HTTP GET /api/v1/notifications/my responded 200 in 1.4613 ms
[18:53:04 INF] HTTP GET /api/v1/dashboard/summary responded 200 in 1.6257 ms
[18:53:11 INF] HTTP GET /api/v1/patients responded 200 in 1.3966 ms
[18:53:11 INF] HTTP GET /api/v1/appointments responded 200 in 1.4797 ms
[18:53:11 INF] HTTP GET /api/v1/departments responded 200 in 1.4970 ms
[18:53:11 INF] HTTP GET /api/v1/doctors responded 200 in 1.7881 ms
[18:53:11 INF] HTTP GET /api/v1/departments responded 200 in 3.0503 ms
[18:53:11 INF] HTTP GET /api/v1/patients responded 200 in 2.6215 ms
[18:53:11 INF] HTTP GET /api/v1/doctors responded 200 in 2.3987 ms
[18:53:11 INF] HTTP GET /api/v1/appointments responded 200 in 5.2611 ms
[18:53:11 INF] HTTP GET /api/v1/appointments responded 200 in 1.2806 ms
[18:53:11 INF] HTTP GET /api/v1/patients responded 200 in 1.1518 ms
[18:53:11 INF] HTTP GET /api/v1/doctors responded 200 in 1.2487 ms
[18:53:11 INF] HTTP GET /api/v1/departments responded 200 in 1.4863 ms
[18:53:11 INF] HTTP GET /api/v1/doctors responded 200 in 1.4201 ms
[18:53:11 INF] HTTP GET /api/v1/patients responded 200 in 1.4189 ms
[18:53:11 INF] HTTP GET /api/v1/departments responded 200 in 1.1504 ms
[18:53:11 INF] HTTP GET /api/v1/appointments responded 200 in 1.4023 ms
[18:53:13 INF] HTTP GET /api/v1/patients responded 200 in 1.5189 ms
[18:53:13 INF] HTTP GET /api/v1/patients responded 200 in 1.6829 ms
[18:53:13 INF] HTTP GET /api/v1/patients responded 200 in 1.5789 ms
[18:53:13 INF] HTTP GET /api/v1/patients responded 200 in 1.6024 ms
[18:53:16 INF] HTTP GET /api/v1/doctors responded 200 in 0.8574 ms
[18:53:16 INF] HTTP GET /api/v1/departments responded 200 in 0.8543 ms
[18:53:16 INF] HTTP GET /api/v1/appointments responded 200 in 1.6019 ms
[18:53:16 INF] HTTP GET /api/v1/patients responded 200 in 1.2559 ms
[18:53:16 INF] HTTP GET /api/v1/departments responded 200 in 1.7657 ms
[18:53:16 INF] HTTP GET /api/v1/doctors responded 200 in 1.7451 ms
[18:53:16 INF] HTTP GET /api/v1/patients responded 200 in 1.4983 ms
[18:53:16 INF] HTTP GET /api/v1/appointments responded 200 in 2.1491 ms
[18:53:16 INF] HTTP GET /api/v1/appointments responded 200 in 1.6150 ms
[18:53:16 INF] HTTP GET /api/v1/departments responded 200 in 1.9847 ms
[18:53:16 INF] HTTP GET /api/v1/doctors responded 200 in 2.2231 ms
[18:53:16 INF] HTTP GET /api/v1/patients responded 200 in 1.3381 ms
[18:53:16 INF] HTTP GET /api/v1/appointments responded 200 in 1.2995 ms
[18:53:16 INF] HTTP GET /api/v1/departments responded 200 in 1.1590 ms
[18:53:16 INF] HTTP GET /api/v1/doctors responded 200 in 1.9819 ms
[18:53:16 INF] HTTP GET /api/v1/patients responded 200 in 2.5832 ms
[18:53:16 INF] HTTP GET /api/v1/beds responded 200 in 1.8122 ms
[18:53:16 INF] HTTP GET /api/v1/patients responded 200 in 1.8155 ms
[18:53:16 INF] HTTP GET /api/v1/doctors responded 200 in 6.1003 ms
[18:53:16 INF] HTTP GET /api/v1/ipdadmissions/active responded 200 in 6.7034 ms
[18:53:16 INF] HTTP GET /api/v1/beds responded 200 in 1.4023 ms
[18:53:16 INF] HTTP GET /api/v1/ipdadmissions/active responded 200 in 1.1956 ms
[18:53:16 INF] HTTP GET /api/v1/patients responded 200 in 1.4338 ms
[18:53:16 INF] HTTP GET /api/v1/doctors responded 200 in 1.5747 ms
[18:53:16 INF] HTTP GET /api/v1/ipdadmissions/active responded 200 in 1.1130 ms
[18:53:16 INF] HTTP GET /api/v1/beds responded 200 in 1.1824 ms
[18:53:16 INF] HTTP GET /api/v1/doctors responded 200 in 1.0051 ms
[18:53:16 INF] HTTP GET /api/v1/patients responded 200 in 1.2866 ms
[18:53:16 INF] HTTP GET /api/v1/ipdadmissions/active responded 200 in 1.3012 ms
[18:53:16 INF] HTTP GET /api/v1/beds responded 200 in 1.1438 ms
[18:53:16 INF] HTTP GET /api/v1/patients responded 200 in 1.0629 ms
[18:53:16 INF] HTTP GET /api/v1/doctors responded 200 in 1.0904 ms
[18:53:24 INF] HTTP GET /api/v1/notifications/my responded 200 in 0.9066 ms
[18:53:44 INF] HTTP GET /api/v1/notifications/my responded 200 in 15.0582 ms
[18:53:51 INF] HTTP GET /api/v1/ipdadmissions/active responded 200 in 15.1647 ms
[18:53:51 INF] HTTP GET /api/v1/ipdadmissions/active responded 200 in 1.1212 ms
[18:53:51 INF] HTTP GET /api/v1/ipdadmissions/active responded 200 in 2.1325 ms
[18:53:51 INF] HTTP GET /api/v1/ipdadmissions/active responded 200 in 1.6546 ms
[18:53:52 INF] HTTP GET /api/v1/laboratory/orders/pending responded 200 in 35.4455 ms
[18:53:52 INF] HTTP GET /api/v1/laboratory/orders/pending responded 200 in 1.6380 ms
[18:53:52 INF] HTTP GET /api/v1/laboratory/orders/pending responded 200 in 1.5296 ms
[18:53:52 INF] HTTP GET /api/v1/laboratory/orders/pending responded 200 in 0.9911 ms
[18:54:05 INF] HTTP GET /api/v1/notifications/my responded 200 in 1.0163 ms
[18:54:25 INF] HTTP GET /api/v1/notifications/my responded 200 in 1.3707 ms
